[0.028s] Invoking command in '/home/febryan/agv_ros2_ws/src/mapping/build/mapping': CMAKE_PREFIX_PATH=${CMAKE_PREFIX_PATH}:/opt/ros/jazzy DEBUGINFOD_URLS=https://debuginfod.ubuntu.com /usr/bin/cmake /home/febryan/agv_ros2_ws/src/mapping -DCMAKE_INSTALL_PREFIX=/home/febryan/agv_ros2_ws/src/mapping/install/mapping
[0.159s] -- The C compiler identification is GNU 13.3.0
[0.262s] -- The CXX compiler identification is GNU 13.3.0
[0.303s] -- Detecting C compiler ABI info
[0.557s] -- Detecting C compiler ABI info - done
[0.571s] -- Check for working C compiler: /usr/bin/cc - skipped
[0.571s] -- Detecting C compile features
[0.571s] -- Detecting C compile features - done
[0.594s] -- Detecting CXX compiler ABI info
[0.868s] -- Detecting CXX compiler ABI info - done
[0.882s] -- Check for working CXX compiler: /usr/bin/c++ - skipped
[0.883s] -- Detecting CXX compile features
[0.884s] -- Detecting CXX compile features - done
[0.891s] -- Found ament_cmake: 2.5.5 (/opt/ros/jazzy/share/ament_cmake/cmake)
[1.414s] -- Found Python3: /usr/bin/python3 (found version "3.12.3") found components: Interpreter 
[1.751s] -- Found rclcpp: 28.1.16 (/opt/ros/jazzy/share/rclcpp/cmake)
[1.848s] -- Found rosidl_generator_c: 4.6.7 (/opt/ros/jazzy/share/rosidl_generator_c/cmake)
[1.883s] -- Found rosidl_generator_cpp: 4.6.7 (/opt/ros/jazzy/share/rosidl_generator_cpp/cmake)
[1.918s] -- Using all available rosidl_typesupport_c: rosidl_typesupport_fastrtps_c;rosidl_typesupport_introspection_c
[1.956s] -- Using all available rosidl_typesupport_cpp: rosidl_typesupport_fastrtps_cpp;rosidl_typesupport_introspection_cpp
[2.117s] -- Found rmw_implementation_cmake: 7.3.3 (/opt/ros/jazzy/share/rmw_implementation_cmake/cmake)
[2.125s] -- Found rmw_fastrtps_cpp: 8.4.3 (/opt/ros/jazzy/share/rmw_fastrtps_cpp/cmake)
[2.343s] -- Found OpenSSL: /usr/lib/x86_64-linux-gnu/libcrypto.so (found version "3.0.13")  
[2.386s] -- Found FastRTPS: /opt/ros/jazzy/include (Required is at least version "2.13") 
[2.433s] -- Using RMW implementation 'rmw_fastrtps_cpp' as default
[2.578s] -- Found sensor_msgs: 5.3.6 (/opt/ros/jazzy/share/sensor_msgs/cmake)
[2.699s] -- Found tf2: 0.36.19 (/opt/ros/jazzy/share/tf2/cmake)
[2.711s] -- Found tf2_ros: 0.36.19 (/opt/ros/jazzy/share/tf2_ros/cmake)
[2.967s] -- Found tf2_geometry_msgs: 0.36.19 (/opt/ros/jazzy/share/tf2_geometry_msgs/cmake)
[3.017s] -- Found eigen3_cmake_module: 0.3.0 (/opt/ros/jazzy/share/eigen3_cmake_module/cmake)
[3.019s] -- Found Eigen3: TRUE (found version "3.4.0") 
[3.019s] -- Ensuring Eigen3 include directory is part of orocos-kdl CMake target
[3.028s] -- Found pcl_conversions: 2.6.2 (/opt/ros/jazzy/share/pcl_conversions/cmake)
[3.181s] [33mCMake Warning (dev) at /usr/lib/x86_64-linux-gnu/cmake/pcl/Modules/FindFLANN.cmake:45 (find_package):
[3.181s]   Policy CMP0144 is not set: find_package uses upper-case <PACKAGENAME>_ROOT
[3.181s]   variables.  Run "cmake --help-policy CMP0144" for policy details.  Use the
[3.181s]   cmake_policy command to set the policy and suppress this warning.
[3.181s] 
[3.182s]   CMake variable FLANN_ROOT is set to:
[3.182s] 
[3.182s]     /usr
[3.182s] 
[3.182s]   For compatibility, find_package is ignoring the variable, but code in a
[3.182s]   .cmake module might still use it.
[3.182s] Call Stack (most recent call first):
[3.182s]   /usr/lib/x86_64-linux-gnu/cmake/pcl/PCLConfig.cmake:261 (find_package)
[3.182s]   /usr/lib/x86_64-linux-gnu/cmake/pcl/PCLConfig.cmake:306 (find_flann)
[3.183s]   /usr/lib/x86_64-linux-gnu/cmake/pcl/PCLConfig.cmake:570 (find_external_library)
[3.183s]   /opt/ros/jazzy/share/pcl_conversions/cmake/ament_cmake_export_dependencies-extras.cmake:21 (find_package)
[3.183s]   /opt/ros/jazzy/share/pcl_conversions/cmake/pcl_conversionsConfig.cmake:41 (include)
[3.183s]   CMakeLists.txt:16 (find_package)
[3.183s] This warning is for project developers.  Use -Wno-dev to suppress it.
[3.183s] [0m
[3.184s] -- Found flann version 1.9.2
[3.976s] -- Found OpenMP_CXX: -fopenmp (found version "4.5") 
[3.976s] -- Found OpenMP: TRUE (found version "4.5") found components: CXX 
[7.223s] -- Checking for module 'libusb-1.0'
[7.264s] --   Found libusb-1.0, version 1.0.27
[7.372s] -- Found libusb: /usr/lib/x86_64-linux-gnu/libusb-1.0.so  
[7.374s] -- OpenNI found (version: 1.5.4.0, include: /usr/include/ni, lib: /usr/lib/libOpenNI.so;libusb::libusb)
[7.530s] -- OpenNI2 found (version: 2.2.0.33, include: /usr/include/openni2, lib: /usr/lib/x86_64-linux-gnu/libOpenNI2.so;libusb::libusb)
[7.536s] -- Could NOT find Pcap (missing: PCAP_LIBRARIES PCAP_INCLUDE_DIRS) 
[7.563s] -- Found ZLIB: /usr/lib/x86_64-linux-gnu/libz.so (found version "1.3")  
[7.598s] -- Found PNG: /usr/lib/x86_64-linux-gnu/libpng.so (found version "1.6.43") 
[8.468s] -- OpenNI found (version: 1.5.4.0, include: /usr/include/ni, lib: /usr/lib/libOpenNI.so;libusb::libusb)
[8.481s] -- OpenNI2 found (version: 2.2.0.33, include: /usr/include/openni2, lib: /usr/lib/x86_64-linux-gnu/libOpenNI2.so;libusb::libusb)
[9.334s] -- Found Qhull version 8.0.2
[10.204s] -- OpenNI found (version: 1.5.4.0, include: /usr/include/ni, lib: /usr/lib/libOpenNI.so;libusb::libusb)
[11.037s] -- Found PCL_COMMON: /usr/lib/x86_64-linux-gnu/libpcl_common.so  
[11.038s] -- Found PCL_KDTREE: /usr/lib/x86_64-linux-gnu/libpcl_kdtree.so  
[11.040s] -- Found PCL_OCTREE: /usr/lib/x86_64-linux-gnu/libpcl_octree.so  
[11.042s] -- Found PCL_SEARCH: /usr/lib/x86_64-linux-gnu/libpcl_search.so  
[11.044s] -- Found PCL_SAMPLE_CONSENSUS: /usr/lib/x86_64-linux-gnu/libpcl_sample_consensus.so  
[11.046s] -- Found PCL_FILTERS: /usr/lib/x86_64-linux-gnu/libpcl_filters.so  
[11.046s] -- Found PCL_2D: /usr/include/pcl-1.14  
[11.047s] -- Found PCL_GEOMETRY: /usr/include/pcl-1.14  
[11.049s] -- Found PCL_IO: /usr/lib/x86_64-linux-gnu/libpcl_io.so  
[11.050s] -- Found PCL_FEATURES: /usr/lib/x86_64-linux-gnu/libpcl_features.so  
[11.052s] -- Found PCL_ML: /usr/lib/x86_64-linux-gnu/libpcl_ml.so  
[11.054s] -- Found PCL_SEGMENTATION: /usr/lib/x86_64-linux-gnu/libpcl_segmentation.so  
[11.056s] -- Found PCL_VISUALIZATION: /usr/lib/x86_64-linux-gnu/libpcl_visualization.so  
[11.058s] -- Found PCL_SURFACE: /usr/lib/x86_64-linux-gnu/libpcl_surface.so  
[11.060s] -- Found PCL_REGISTRATION: /usr/lib/x86_64-linux-gnu/libpcl_registration.so  
[11.062s] -- Found PCL_KEYPOINTS: /usr/lib/x86_64-linux-gnu/libpcl_keypoints.so  
[11.064s] -- Found PCL_TRACKING: /usr/lib/x86_64-linux-gnu/libpcl_tracking.so  
[11.066s] -- Found PCL_RECOGNITION: /usr/lib/x86_64-linux-gnu/libpcl_recognition.so  
[11.068s] -- Found PCL_STEREO: /usr/lib/x86_64-linux-gnu/libpcl_stereo.so  
[11.069s] -- Found PCL_APPS: /usr/lib/x86_64-linux-gnu/libpcl_apps.so  
[11.071s] -- Found PCL_IN_HAND_SCANNER: /usr/include/pcl-1.14  
[11.071s] -- Found PCL_MODELER: /usr/include/pcl-1.14  
[11.072s] -- Found PCL_POINT_CLOUD_EDITOR: /usr/include/pcl-1.14  
[11.074s] -- Found PCL_OUTOFCORE: /usr/lib/x86_64-linux-gnu/libpcl_outofcore.so  
[11.076s] -- Found PCL_PEOPLE: /usr/lib/x86_64-linux-gnu/libpcl_people.so  
[11.080s] [33mCMake Warning (dev) at CMakeLists.txt:17 (find_package):
[11.080s]   Policy CMP0074 is not set: find_package uses <PackageName>_ROOT variables.
[11.080s]   Run "cmake --help-policy CMP0074" for policy details.  Use the cmake_policy
[11.080s]   command to set the policy and suppress this warning.
[11.080s] 
[11.080s]   CMake variable PCL_ROOT is set to:
[11.080s] 
[11.080s]     /usr
[11.080s] 
[11.081s]   For compatibility, CMake is ignoring the variable.
[11.081s] This warning is for project developers.  Use -Wno-dev to suppress it.
[11.081s] [0m
[11.101s] -- Found rosidl_default_generators: 1.6.0 (/opt/ros/jazzy/share/rosidl_default_generators/cmake)
[11.144s] -- Found rosidl_adapter: 4.6.7 (/opt/ros/jazzy/share/rosidl_adapter/cmake)
[13.137s] -- Found ament_cmake_ros: 0.12.0 (/opt/ros/jazzy/share/ament_cmake_ros/cmake)
[15.824s] -- Using all available rosidl_typesupport_c: rosidl_typesupport_fastrtps_c;rosidl_typesupport_introspection_c
[16.882s] -- Using all available rosidl_typesupport_cpp: rosidl_typesupport_fastrtps_cpp;rosidl_typesupport_introspection_cpp
[16.896s] -- Found python_cmake_module: 0.11.1 (/opt/ros/jazzy/share/python_cmake_module/cmake)
[17.360s] -- Found PythonExtra: /usr/bin/python3  
[18.724s] -- Found Python3: /usr/bin/python3 (found version "3.12.3") found components: Interpreter Development NumPy Development.Module Development.Embed 
[18.879s] [31mCMake Error at /opt/ros/jazzy/share/ament_cmake_target_dependencies/cmake/ament_target_dependencies.cmake:146 (target_link_libraries):
[18.880s]   The keyword signature for target_link_libraries has already been used with
[18.880s]   the target "manual_mapping".  All uses of target_link_libraries with a
[18.880s]   target must be either all-keyword or all-plain.
[18.880s] 
[18.880s]   The uses of the keyword signature are here:
[18.880s] 
[18.880s]    * CMakeLists.txt:29 (target_link_libraries)
[18.880s] 
[18.881s] Call Stack (most recent call first):
[18.881s]   CMakeLists.txt:30 (ament_target_dependencies)
[18.881s] 
[18.881s] [0m
[18.893s] [31mCMake Error at /opt/ros/jazzy/share/ament_cmake_target_dependencies/cmake/ament_target_dependencies.cmake:146 (target_link_libraries):
[18.893s]   The keyword signature for target_link_libraries has already been used with
[18.893s]   the target "simple_mapping".  All uses of target_link_libraries with a
[18.893s]   target must be either all-keyword or all-plain.
[18.893s] 
[18.893s]   The uses of the keyword signature are here:
[18.893s] 
[18.894s]    * CMakeLists.txt:36 (target_link_libraries)
[18.894s] 
[18.894s] Call Stack (most recent call first):
[18.894s]   CMakeLists.txt:37 (ament_target_dependencies)
[18.894s] 
[18.894s] [0m
[18.906s] -- Found ament_lint_auto: 0.17.4 (/opt/ros/jazzy/share/ament_lint_auto/cmake)
[18.988s] -- Added test 'cppcheck' to perform static code analysis on C / C++ code
[18.990s] -- Configured cppcheck include dirs: $<BUILD_INTERFACE:/home/febryan/agv_ros2_ws/src/mapping/build/mapping/rosidl_generator_c>;$<BUILD_INTERFACE:/home/febryan/agv_ros2_ws/src/mapping/build/mapping/rosidl_typesupport_fastrtps_c>;$<BUILD_INTERFACE:/home/febryan/agv_ros2_ws/src/mapping/build/mapping/rosidl_generator_cpp>;$<BUILD_INTERFACE:/home/febryan/agv_ros2_ws/src/mapping/build/mapping/rosidl_typesupport_fastrtps_cpp>;$<BUILD_INTERFACE:/home/febryan/agv_ros2_ws/src/mapping/build/mapping/rosidl_typesupport_introspection_c>;$<BUILD_INTERFACE:/home/febryan/agv_ros2_ws/src/mapping/build/mapping/rosidl_typesupport_introspection_cpp>;/home/febryan/agv_ros2_ws/src/mapping/build/mapping/rosidl_generator_c;/home/febryan/agv_ros2_ws/src/mapping/build/mapping/rosidl_generator_py
[18.990s] -- Configured cppcheck exclude dirs and/or files: 
[18.993s] -- Added test 'flake8' to check Python code syntax and style conventions
[18.993s] -- Configured 'flake8' exclude dirs and/or files: 
[18.999s] -- Added test 'lint_cmake' to check CMake code style
[19.002s] -- Added test 'pep257' to check Python code against some of the docstring style conventions in PEP 257
[19.019s] -- Added test 'uncrustify' to check C / C++ code style
[19.019s] -- Configured uncrustify additional arguments: 
[19.022s] -- Added test 'xmllint' to check XML markup files
[19.028s] -- Configuring incomplete, errors occurred!
[19.071s] Invoked command in '/home/febryan/agv_ros2_ws/src/mapping/build/mapping' returned '1': CMAKE_PREFIX_PATH=${CMAKE_PREFIX_PATH}:/opt/ros/jazzy DEBUGINFOD_URLS=https://debuginfod.ubuntu.com /usr/bin/cmake /home/febryan/agv_ros2_ws/src/mapping -DCMAKE_INSTALL_PREFIX=/home/febryan/agv_ros2_ws/src/mapping/install/mapping
