[0.290s] DEBUG:colcon:Command line arguments: ['/usr/bin/colcon', 'build', '--packages-select', 'mapping']
[0.290s] DEBUG:colcon:Parsed command line arguments: Namespace(log_base=None, log_level=None, verb_name='build', build_base='build', install_base='install', merge_install=False, symlink_install=False, test_result_base=None, continue_on_error=False, executor='parallel', parallel_workers=12, event_handlers=None, ignore_user_meta=False, metas=['./colcon.meta'], base_paths=['.'], packages_ignore=None, packages_ignore_regex=None, paths=None, packages_up_to=None, packages_up_to_regex=None, packages_above=None, packages_above_and_dependencies=None, packages_above_depth=None, packages_select_by_dep=None, packages_skip_by_dep=None, packages_skip_up_to=None, packages_select_build_failed=False, packages_skip_build_finished=False, packages_select_test_failures=False, packages_skip_test_passed=False, packages_select=['mapping'], packages_skip=None, packages_select_regex=None, packages_skip_regex=None, packages_start=None, packages_end=None, allow_overriding=[], cmake_args=None, cmake_target=None, cmake_target_skip_unavailable=False, cmake_clean_cache=False, cmake_clean_first=False, cmake_force_configure=False, ament_cmake_args=None, catkin_cmake_args=None, catkin_skip_building_tests=False, mixin_files=None, mixin=None, verb_parser=<colcon_mixin.mixin.mixin_argument.MixinArgumentDecorator object at 0x746aba214e90>, verb_extension=<colcon_core.verb.build.BuildVerb object at 0x746aba214c50>, main=<bound method BuildVerb.main of <colcon_core.verb.build.BuildVerb object at 0x746aba214c50>>, mixin_verb=('build',))
[0.388s] Level 1:colcon.colcon_core.package_discovery:discover_packages(colcon_meta) check parameters
[0.388s] Level 1:colcon.colcon_core.package_discovery:discover_packages(recursive) check parameters
[0.389s] Level 1:colcon.colcon_core.package_discovery:discover_packages(ignore) check parameters
[0.389s] Level 1:colcon.colcon_core.package_discovery:discover_packages(path) check parameters
[0.389s] Level 1:colcon.colcon_core.package_discovery:discover_packages(colcon_meta) discover
[0.389s] Level 1:colcon.colcon_core.package_discovery:discover_packages(recursive) discover
[0.389s] INFO:colcon.colcon_core.package_discovery:Crawling recursively for packages in '/home/febryan/agv_ros2_ws/src/mapping'
[0.389s] Level 1:colcon.colcon_core.package_identification:_identify(.) by extensions ['ignore', 'ignore_ament_install']
[0.389s] Level 1:colcon.colcon_core.package_identification:_identify(.) by extension 'ignore'
[0.389s] Level 1:colcon.colcon_core.package_identification:_identify(.) by extension 'ignore_ament_install'
[0.389s] Level 1:colcon.colcon_core.package_identification:_identify(.) by extensions ['colcon_pkg']
[0.389s] Level 1:colcon.colcon_core.package_identification:_identify(.) by extension 'colcon_pkg'
[0.389s] Level 1:colcon.colcon_core.package_identification:_identify(.) by extensions ['colcon_meta']
[0.389s] Level 1:colcon.colcon_core.package_identification:_identify(.) by extension 'colcon_meta'
[0.390s] Level 1:colcon.colcon_core.package_identification:_identify(.) by extensions ['ros']
[0.390s] Level 1:colcon.colcon_core.package_identification:_identify(.) by extension 'ros'
[0.440s] DEBUG:colcon.colcon_core.package_identification:Package '.' with type 'ros.ament_cmake' and name 'mapping'
[0.440s] Level 1:colcon.colcon_core.package_discovery:discover_packages(recursive) using defaults
[0.440s] Level 1:colcon.colcon_core.package_discovery:discover_packages(ignore) discover
[0.440s] Level 1:colcon.colcon_core.package_discovery:discover_packages(ignore) using defaults
[0.440s] Level 1:colcon.colcon_core.package_discovery:discover_packages(path) discover
[0.440s] Level 1:colcon.colcon_core.package_discovery:discover_packages(path) using defaults
[0.486s] Level 1:colcon.colcon_core.package_discovery:discover_packages(prefix_path) check parameters
[0.486s] Level 1:colcon.colcon_core.package_discovery:discover_packages(prefix_path) discover
[0.491s] DEBUG:colcon.colcon_installed_package_information.package_discovery:Found 411 installed packages in /opt/ros/jazzy
[0.493s] Level 1:colcon.colcon_core.package_discovery:discover_packages(prefix_path) using defaults
[0.614s] Level 5:colcon.colcon_core.verb:set package 'mapping' build argument 'cmake_args' from command line to 'None'
[0.614s] Level 5:colcon.colcon_core.verb:set package 'mapping' build argument 'cmake_target' from command line to 'None'
[0.614s] Level 5:colcon.colcon_core.verb:set package 'mapping' build argument 'cmake_target_skip_unavailable' from command line to 'False'
[0.615s] Level 5:colcon.colcon_core.verb:set package 'mapping' build argument 'cmake_clean_cache' from command line to 'False'
[0.615s] Level 5:colcon.colcon_core.verb:set package 'mapping' build argument 'cmake_clean_first' from command line to 'False'
[0.615s] Level 5:colcon.colcon_core.verb:set package 'mapping' build argument 'cmake_force_configure' from command line to 'False'
[0.615s] Level 5:colcon.colcon_core.verb:set package 'mapping' build argument 'ament_cmake_args' from command line to 'None'
[0.615s] Level 5:colcon.colcon_core.verb:set package 'mapping' build argument 'catkin_cmake_args' from command line to 'None'
[0.615s] Level 5:colcon.colcon_core.verb:set package 'mapping' build argument 'catkin_skip_building_tests' from command line to 'False'
[0.615s] DEBUG:colcon.colcon_core.verb:Building package 'mapping' with the following arguments: {'ament_cmake_args': None, 'build_base': '/home/febryan/agv_ros2_ws/src/mapping/build/mapping', 'catkin_cmake_args': None, 'catkin_skip_building_tests': False, 'cmake_args': None, 'cmake_clean_cache': False, 'cmake_clean_first': False, 'cmake_force_configure': False, 'cmake_target': None, 'cmake_target_skip_unavailable': False, 'install_base': '/home/febryan/agv_ros2_ws/src/mapping/install/mapping', 'merge_install': False, 'path': '/home/febryan/agv_ros2_ws/src/mapping', 'symlink_install': False, 'test_result_base': None}
[0.615s] INFO:colcon.colcon_core.executor:Executing jobs using 'parallel' executor
[0.616s] DEBUG:colcon.colcon_parallel_executor.executor.parallel:run_until_complete
[0.617s] INFO:colcon.colcon_ros.task.ament_cmake.build:Building ROS package in '/home/febryan/agv_ros2_ws/src/mapping' with build type 'ament_cmake'
[0.617s] INFO:colcon.colcon_cmake.task.cmake.build:Building CMake package in '/home/febryan/agv_ros2_ws/src/mapping'
[0.624s] INFO:colcon.colcon_core.plugin_system:Skipping extension 'colcon_core.shell.bat': Not used on non-Windows systems
[0.625s] INFO:colcon.colcon_core.shell:Skip shell extension 'powershell' for command environment: Not usable outside of PowerShell
[0.625s] DEBUG:colcon.colcon_core.shell:Skip shell extension 'dsv' for command environment
[0.642s] DEBUG:colcon.colcon_core.event_handler.log_command:Invoking command in '/home/febryan/agv_ros2_ws/src/mapping/build/mapping': CMAKE_PREFIX_PATH=${CMAKE_PREFIX_PATH}:/opt/ros/jazzy DEBUGINFOD_URLS=https://debuginfod.ubuntu.com /usr/bin/cmake /home/febryan/agv_ros2_ws/src/mapping -DCMAKE_INSTALL_PREFIX=/home/febryan/agv_ros2_ws/src/mapping/install/mapping
[9.184s] DEBUG:colcon.colcon_core.event_handler.log_command:Invoked command in '/home/febryan/agv_ros2_ws/src/mapping/build/mapping' returned '1': CMAKE_PREFIX_PATH=${CMAKE_PREFIX_PATH}:/opt/ros/jazzy DEBUGINFOD_URLS=https://debuginfod.ubuntu.com /usr/bin/cmake /home/febryan/agv_ros2_ws/src/mapping -DCMAKE_INSTALL_PREFIX=/home/febryan/agv_ros2_ws/src/mapping/install/mapping
[9.228s] Level 1:colcon.colcon_core.environment:create_environment_scripts_only(mapping)
[9.235s] Level 1:colcon.colcon_core.environment:checking '/home/febryan/agv_ros2_ws/src/mapping/install/mapping' for CMake module files
[9.235s] Level 1:colcon.colcon_core.environment:checking '/home/febryan/agv_ros2_ws/src/mapping/install/mapping' for CMake config files
[9.236s] Level 1:colcon.colcon_core.environment:checking '/home/febryan/agv_ros2_ws/src/mapping/install/mapping/bin'
[9.236s] Level 1:colcon.colcon_core.environment:checking '/home/febryan/agv_ros2_ws/src/mapping/install/mapping/lib/pkgconfig/mapping.pc'
[9.236s] Level 1:colcon.colcon_core.environment:checking '/home/febryan/agv_ros2_ws/src/mapping/install/mapping/lib/python3.12/site-packages'
[9.237s] Level 1:colcon.colcon_core.environment:checking '/home/febryan/agv_ros2_ws/src/mapping/install/mapping/bin'
[9.237s] INFO:colcon.colcon_core.shell:Creating package script '/home/febryan/agv_ros2_ws/src/mapping/install/mapping/share/mapping/package.ps1'
[9.238s] INFO:colcon.colcon_core.shell:Creating package descriptor '/home/febryan/agv_ros2_ws/src/mapping/install/mapping/share/mapping/package.dsv'
[9.239s] INFO:colcon.colcon_core.shell:Creating package script '/home/febryan/agv_ros2_ws/src/mapping/install/mapping/share/mapping/package.sh'
[9.240s] INFO:colcon.colcon_core.shell:Creating package script '/home/febryan/agv_ros2_ws/src/mapping/install/mapping/share/mapping/package.bash'
[9.241s] INFO:colcon.colcon_core.shell:Creating package script '/home/febryan/agv_ros2_ws/src/mapping/install/mapping/share/mapping/package.zsh'
[9.241s] Level 1:colcon.colcon_core.environment:create_file_with_runtime_dependencies(/home/febryan/agv_ros2_ws/src/mapping/install/mapping/share/colcon-core/packages/mapping)
[9.242s] DEBUG:colcon.colcon_parallel_executor.executor.parallel:closing loop
[9.242s] DEBUG:colcon.colcon_parallel_executor.executor.parallel:loop closed
[9.243s] DEBUG:colcon.colcon_parallel_executor.executor.parallel:run_until_complete finished with '1'
[9.243s] DEBUG:colcon.colcon_core.event_reactor:joining thread
[9.262s] INFO:colcon.colcon_core.plugin_system:Skipping extension 'colcon_notification.desktop_notification.terminal_notifier': Not used on non-Darwin systems
[9.262s] INFO:colcon.colcon_core.plugin_system:Skipping extension 'colcon_notification.desktop_notification.win32': Not used on non-Windows systems
[9.262s] INFO:colcon.colcon_notification.desktop_notification:Sending desktop notification using 'notify2'
[9.284s] DEBUG:colcon.colcon_core.event_reactor:joined thread
[9.284s] INFO:colcon.colcon_core.shell:Creating prefix script '/home/febryan/agv_ros2_ws/src/mapping/install/local_setup.ps1'
[9.285s] INFO:colcon.colcon_core.shell:Creating prefix util module '/home/febryan/agv_ros2_ws/src/mapping/install/_local_setup_util_ps1.py'
[9.287s] INFO:colcon.colcon_core.shell:Creating prefix chain script '/home/febryan/agv_ros2_ws/src/mapping/install/setup.ps1'
[9.288s] INFO:colcon.colcon_core.shell:Creating prefix script '/home/febryan/agv_ros2_ws/src/mapping/install/local_setup.sh'
[9.289s] INFO:colcon.colcon_core.shell:Creating prefix util module '/home/febryan/agv_ros2_ws/src/mapping/install/_local_setup_util_sh.py'
[9.290s] INFO:colcon.colcon_core.shell:Creating prefix chain script '/home/febryan/agv_ros2_ws/src/mapping/install/setup.sh'
[9.291s] INFO:colcon.colcon_core.shell:Creating prefix script '/home/febryan/agv_ros2_ws/src/mapping/install/local_setup.bash'
[9.291s] INFO:colcon.colcon_core.shell:Creating prefix chain script '/home/febryan/agv_ros2_ws/src/mapping/install/setup.bash'
[9.293s] INFO:colcon.colcon_core.shell:Creating prefix script '/home/febryan/agv_ros2_ws/src/mapping/install/local_setup.zsh'
[9.294s] INFO:colcon.colcon_core.shell:Creating prefix chain script '/home/febryan/agv_ros2_ws/src/mapping/install/setup.zsh'
