[0.023s] Invoking command in '/home/febryan/agv_ros2_ws/src/mapping/build/mapping': CMAKE_PREFIX_PATH=${CMAKE_PREFIX_PATH}:/opt/ros/jazzy DEBUGINFOD_URLS=https://debuginfod.ubuntu.com /usr/bin/cmake /home/febryan/agv_ros2_ws/src/mapping -DCMAKE_INSTALL_PREFIX=/home/febryan/agv_ros2_ws/src/mapping/install/mapping
[0.072s] -- Found ament_cmake: 2.5.5 (/opt/ros/jazzy/share/ament_cmake/cmake)
[0.151s] -- Found Python3: /usr/bin/python3 (found version "3.12.3") found components: Interpreter 
[0.416s] -- Found rclcpp: 28.1.16 (/opt/ros/jazzy/share/rclcpp/cmake)
[0.474s] -- Found rosidl_generator_c: 4.6.7 (/opt/ros/jazzy/share/rosidl_generator_c/cmake)
[0.488s] -- Found rosidl_generator_cpp: 4.6.7 (/opt/ros/jazzy/share/rosidl_generator_cpp/cmake)
[0.505s] -- Using all available rosidl_typesupport_c: rosidl_typesupport_fastrtps_c;rosidl_typesupport_introspection_c
[0.525s] -- Using all available rosidl_typesupport_cpp: rosidl_typesupport_fastrtps_cpp;rosidl_typesupport_introspection_cpp
[0.620s] -- Found rmw_implementation_cmake: 7.3.3 (/opt/ros/jazzy/share/rmw_implementation_cmake/cmake)
[0.621s] -- Found rmw_fastrtps_cpp: 8.4.3 (/opt/ros/jazzy/share/rmw_fastrtps_cpp/cmake)
[0.750s] -- Using RMW implementation 'rmw_fastrtps_cpp' as default
[0.860s] -- Found sensor_msgs: 5.3.6 (/opt/ros/jazzy/share/sensor_msgs/cmake)
[0.962s] -- Found tf2: 0.36.19 (/opt/ros/jazzy/share/tf2/cmake)
[0.972s] -- Found tf2_ros: 0.36.19 (/opt/ros/jazzy/share/tf2_ros/cmake)
[1.153s] -- Found tf2_geometry_msgs: 0.36.19 (/opt/ros/jazzy/share/tf2_geometry_msgs/cmake)
[1.158s] -- Found eigen3_cmake_module: 0.3.0 (/opt/ros/jazzy/share/eigen3_cmake_module/cmake)
[1.161s] -- Ensuring Eigen3 include directory is part of orocos-kdl CMake target
[1.163s] -- Found pcl_conversions: 2.6.2 (/opt/ros/jazzy/share/pcl_conversions/cmake)
[1.254s] [33mCMake Warning (dev) at /usr/lib/x86_64-linux-gnu/cmake/pcl/Modules/FindFLANN.cmake:45 (find_package):
[1.254s]   Policy CMP0144 is not set: find_package uses upper-case <PACKAGENAME>_ROOT
[1.254s]   variables.  Run "cmake --help-policy CMP0144" for policy details.  Use the
[1.254s]   cmake_policy command to set the policy and suppress this warning.
[1.254s] 
[1.254s]   CMake variable FLANN_ROOT is set to:
[1.255s] 
[1.255s]     /usr
[1.255s] 
[1.255s]   For compatibility, find_package is ignoring the variable, but code in a
[1.255s]   .cmake module might still use it.
[1.255s] Call Stack (most recent call first):
[1.255s]   /usr/lib/x86_64-linux-gnu/cmake/pcl/PCLConfig.cmake:261 (find_package)
[1.256s]   /usr/lib/x86_64-linux-gnu/cmake/pcl/PCLConfig.cmake:306 (find_flann)
[1.256s]   /usr/lib/x86_64-linux-gnu/cmake/pcl/PCLConfig.cmake:570 (find_external_library)
[1.256s]   /opt/ros/jazzy/share/pcl_conversions/cmake/ament_cmake_export_dependencies-extras.cmake:21 (find_package)
[1.256s]   /opt/ros/jazzy/share/pcl_conversions/cmake/pcl_conversionsConfig.cmake:41 (include)
[1.256s]   CMakeLists.txt:16 (find_package)
[1.256s] This warning is for project developers.  Use -Wno-dev to suppress it.
[1.256s] [0m
[1.257s] -- Found flann version 1.9.2
[2.172s] -- OpenNI found (version: 1.5.4.0, include: /usr/include/ni, lib: /usr/lib/libOpenNI.so;libusb::libusb)
[2.185s] -- OpenNI2 found (version: 2.2.0.33, include: /usr/include/openni2, lib: /usr/lib/x86_64-linux-gnu/libOpenNI2.so;libusb::libusb)
[2.191s] -- Could NOT find Pcap (missing: PCAP_LIBRARIES PCAP_INCLUDE_DIRS) 
[3.154s] -- OpenNI found (version: 1.5.4.0, include: /usr/include/ni, lib: /usr/lib/libOpenNI.so;libusb::libusb)
[3.167s] -- OpenNI2 found (version: 2.2.0.33, include: /usr/include/openni2, lib: /usr/lib/x86_64-linux-gnu/libOpenNI2.so;libusb::libusb)
[4.039s] -- Found Qhull version 8.0.2
[4.949s] -- OpenNI found (version: 1.5.4.0, include: /usr/include/ni, lib: /usr/lib/libOpenNI.so;libusb::libusb)
[5.844s] [33mCMake Warning (dev) at CMakeLists.txt:17 (find_package):
[5.845s]   Policy CMP0074 is not set: find_package uses <PackageName>_ROOT variables.
[5.845s]   Run "cmake --help-policy CMP0074" for policy details.  Use the cmake_policy
[5.845s]   command to set the policy and suppress this warning.
[5.845s] 
[5.845s]   CMake variable PCL_ROOT is set to:
[5.845s] 
[5.846s]     /usr
[5.846s] 
[5.846s]   For compatibility, CMake is ignoring the variable.
[5.846s] This warning is for project developers.  Use -Wno-dev to suppress it.
[5.846s] [0m
[5.859s] -- Found rosidl_default_generators: 1.6.0 (/opt/ros/jazzy/share/rosidl_default_generators/cmake)
[5.872s] -- Found rosidl_adapter: 4.6.7 (/opt/ros/jazzy/share/rosidl_adapter/cmake)
[6.664s] -- Found ament_cmake_ros: 0.12.0 (/opt/ros/jazzy/share/ament_cmake_ros/cmake)
[7.340s] -- Using all available rosidl_typesupport_c: rosidl_typesupport_fastrtps_c;rosidl_typesupport_introspection_c
[7.600s] -- Using all available rosidl_typesupport_cpp: rosidl_typesupport_fastrtps_cpp;rosidl_typesupport_introspection_cpp
[7.602s] -- Found python_cmake_module: 0.11.1 (/opt/ros/jazzy/share/python_cmake_module/cmake)
[8.369s] -- Found Python3: /usr/bin/python3 (found version "3.12.3") found components: Interpreter Development NumPy Development.Module Development.Embed 
[8.449s] [31mCMake Error at /opt/ros/jazzy/share/ament_cmake_target_dependencies/cmake/ament_target_dependencies.cmake:146 (target_link_libraries):
[8.449s]   The keyword signature for target_link_libraries has already been used with
[8.450s]   the target "simple_mapping".  All uses of target_link_libraries with a
[8.450s]   target must be either all-keyword or all-plain.
[8.450s] 
[8.451s]   The uses of the keyword signature are here:
[8.451s] 
[8.451s]    * CMakeLists.txt:37 (target_link_libraries)
[8.451s] 
[8.451s] Call Stack (most recent call first):
[8.452s]   CMakeLists.txt:38 (ament_target_dependencies)
[8.452s] 
[8.452s] [0m
[8.460s] -- Found ament_lint_auto: 0.17.4 (/opt/ros/jazzy/share/ament_lint_auto/cmake)
[8.496s] -- Added test 'cppcheck' to perform static code analysis on C / C++ code
[8.498s] -- Configured cppcheck include dirs: $<BUILD_INTERFACE:/home/febryan/agv_ros2_ws/src/mapping/build/mapping/rosidl_generator_c>;$<BUILD_INTERFACE:/home/febryan/agv_ros2_ws/src/mapping/build/mapping/rosidl_typesupport_fastrtps_c>;$<BUILD_INTERFACE:/home/febryan/agv_ros2_ws/src/mapping/build/mapping/rosidl_generator_cpp>;$<BUILD_INTERFACE:/home/febryan/agv_ros2_ws/src/mapping/build/mapping/rosidl_typesupport_fastrtps_cpp>;$<BUILD_INTERFACE:/home/febryan/agv_ros2_ws/src/mapping/build/mapping/rosidl_typesupport_introspection_c>;$<BUILD_INTERFACE:/home/febryan/agv_ros2_ws/src/mapping/build/mapping/rosidl_typesupport_introspection_cpp>;/home/febryan/agv_ros2_ws/src/mapping/build/mapping/rosidl_generator_c;/home/febryan/agv_ros2_ws/src/mapping/build/mapping/rosidl_generator_py
[8.498s] -- Configured cppcheck exclude dirs and/or files: 
[8.501s] -- Added test 'flake8' to check Python code syntax and style conventions
[8.501s] -- Configured 'flake8' exclude dirs and/or files: 
[8.506s] -- Added test 'lint_cmake' to check CMake code style
[8.509s] -- Added test 'pep257' to check Python code against some of the docstring style conventions in PEP 257
[8.528s] -- Added test 'uncrustify' to check C / C++ code style
[8.528s] -- Configured uncrustify additional arguments: 
[8.531s] -- Added test 'xmllint' to check XML markup files
[8.534s] -- Configuring incomplete, errors occurred!
[8.565s] Invoked command in '/home/febryan/agv_ros2_ws/src/mapping/build/mapping' returned '1': CMAKE_PREFIX_PATH=${CMAKE_PREFIX_PATH}:/opt/ros/jazzy DEBUGINFOD_URLS=https://debuginfod.ubuntu.com /usr/bin/cmake /home/febryan/agv_ros2_ws/src/mapping -DCMAKE_INSTALL_PREFIX=/home/febryan/agv_ros2_ws/src/mapping/install/mapping
