[0.014s] Invoking command in '/home/febryan/febryan_ws/build/kinect_ros2': CMAKE_PREFIX_PATH=${CMAKE_PREFIX_PATH}:/opt/ros/jazzy DEBUGINFOD_URLS=https://debuginfod.ubuntu.com /usr/bin/cmake /home/febryan/febryan_ws/src/kinect_ros2 -DCMAKE_INSTALL_PREFIX=/home/febryan/febryan_ws/install/kinect_ros2
[0.101s] -- The C compiler identification is GNU 13.3.0
[0.184s] -- The CXX compiler identification is GNU 13.3.0
[0.210s] -- Detecting C compiler ABI info
[0.347s] -- Detecting C compiler ABI info - done
[0.361s] -- Check for working C compiler: /usr/bin/cc - skipped
[0.361s] -- Detecting C compile features
[0.362s] -- Detecting C compile features - done
[0.376s] -- Detecting CXX compiler ABI info
[0.526s] -- Detecting CXX compiler ABI info - done
[0.540s] -- Check for working CXX compiler: /usr/bin/c++ - skipped
[0.540s] -- Detecting CXX compile features
[0.541s] -- Detecting CXX compile features - done
[0.548s] -- Found ament_cmake: 2.5.5 (/opt/ros/jazzy/share/ament_cmake/cmake)
[0.780s] -- Found Python3: /usr/bin/python3 (found version "3.12.3") found components: Interpreter 
[0.985s] -- Found rclcpp_components: 28.1.16 (/opt/ros/jazzy/share/rclcpp_components/cmake)
[1.145s] -- Found rosidl_generator_c: 4.6.7 (/opt/ros/jazzy/share/rosidl_generator_c/cmake)
[1.178s] -- Found rosidl_generator_cpp: 4.6.7 (/opt/ros/jazzy/share/rosidl_generator_cpp/cmake)
[1.214s] -- Using all available rosidl_typesupport_c: rosidl_typesupport_fastrtps_c;rosidl_typesupport_introspection_c
[1.243s] -- Using all available rosidl_typesupport_cpp: rosidl_typesupport_fastrtps_cpp;rosidl_typesupport_introspection_cpp
[1.451s] -- Found rmw_implementation_cmake: 7.3.3 (/opt/ros/jazzy/share/rmw_implementation_cmake/cmake)
[1.459s] -- Found rmw_fastrtps_cpp: 8.4.3 (/opt/ros/jazzy/share/rmw_fastrtps_cpp/cmake)
[1.615s] -- Found OpenSSL: /usr/lib/x86_64-linux-gnu/libcrypto.so (found version "3.0.13")  
[1.650s] -- Found FastRTPS: /opt/ros/jazzy/include (Required is at least version "2.13") 
[1.689s] -- Using RMW implementation 'rmw_fastrtps_cpp' as default
[1.826s] -- Found PkgConfig: /usr/bin/pkg-config (found version "1.8.1") 
[1.827s] -- Checking for module 'libfreenect'
[1.853s] --   Found libfreenect, version 0.5
[1.926s] -- Found OpenCV: /usr (found version "4.6.0") 
[1.933s] -- Found sensor_msgs: 5.3.6 (/opt/ros/jazzy/share/sensor_msgs/cmake)
[2.044s] -- Found cv_bridge: 4.1.0 (/opt/ros/jazzy/share/cv_bridge/cmake)
[2.055s] -- Found image_transport: 5.1.7 (/opt/ros/jazzy/share/image_transport/cmake)
[2.096s] -- Found depth_image_proc: 5.0.11 (/opt/ros/jazzy/share/depth_image_proc/cmake)
[2.133s] -- Setting yaml-cpp_DIR to: '/opt/ros/jazzy/share/yaml_cpp_vendor/cmake/../../../opt/yaml_cpp_vendor/share/cmake/yaml-cpp'
[2.208s] -- Found eigen3_cmake_module: 0.3.0 (/opt/ros/jazzy/share/eigen3_cmake_module/cmake)
[2.210s] -- Found Eigen3: TRUE (found version "3.4.0") 
[2.210s] -- Ensuring Eigen3 include directory is part of orocos-kdl CMake target
[2.475s] -- Found camera_info_manager: 5.1.7 (/opt/ros/jazzy/share/camera_info_manager/cmake)
[2.681s] -- Configuring done (2.7s)
[2.744s] -- Generating done (0.0s)
[2.753s] -- Build files have been written to: /home/febryan/febryan_ws/build/kinect_ros2
[2.771s] Invoked command in '/home/febryan/febryan_ws/build/kinect_ros2' returned '0': CMAKE_PREFIX_PATH=${CMAKE_PREFIX_PATH}:/opt/ros/jazzy DEBUGINFOD_URLS=https://debuginfod.ubuntu.com /usr/bin/cmake /home/febryan/febryan_ws/src/kinect_ros2 -DCMAKE_INSTALL_PREFIX=/home/febryan/febryan_ws/install/kinect_ros2
[2.773s] Invoking command in '/home/febryan/febryan_ws/build/kinect_ros2': CMAKE_PREFIX_PATH=${CMAKE_PREFIX_PATH}:/opt/ros/jazzy DEBUGINFOD_URLS=https://debuginfod.ubuntu.com /usr/bin/cmake --build /home/febryan/febryan_ws/build/kinect_ros2 -- -j12 -l12
[2.861s] [ 25%] [32mBuilding CXX object CMakeFiles/kinect_ros2_component.dir/src/kinect_ros2_component.cpp.o[0m
[3.355s] In file included from [01m[K/home/febryan/febryan_ws/src/kinect_ros2/src/kinect_ros2_component.cpp:1[m[K:
[3.355s] [01m[K/home/febryan/febryan_ws/src/kinect_ros2/include/kinect_ros2/kinect_ros2_component.hpp:12:10:[m[K [01;31m[Kfatal error: [m[Kcv_bridge/cv_bridge.h: No such file or directory
[3.355s]    12 | #include [01;31m[K"cv_bridge/cv_bridge.h"[m[K
[3.355s]       |          [01;31m[K^~~~~~~~~~~~~~~~~~~~~~~[m[K
[3.356s] compilation terminated.
[3.366s] gmake[2]: *** [CMakeFiles/kinect_ros2_component.dir/build.make:76: CMakeFiles/kinect_ros2_component.dir/src/kinect_ros2_component.cpp.o] Error 1
[3.366s] gmake[1]: *** [CMakeFiles/Makefile2:139: CMakeFiles/kinect_ros2_component.dir/all] Error 2
[3.367s] gmake: *** [Makefile:146: all] Error 2
[3.371s] Invoked command in '/home/febryan/febryan_ws/build/kinect_ros2' returned '2': CMAKE_PREFIX_PATH=${CMAKE_PREFIX_PATH}:/opt/ros/jazzy DEBUGINFOD_URLS=https://debuginfod.ubuntu.com /usr/bin/cmake --build /home/febryan/febryan_ws/build/kinect_ros2 -- -j12 -l12
