[ 25%] [32mBuilding CXX object CMakeFiles/kinect_ros2_component.dir/src/kinect_ros2_component.cpp.o[0m
[ 50%] [32m[1mLinking CXX shared library libkinect_ros2_component.so[0m
[ 50%] Built target kinect_ros2_component
[ 75%] [32mBuilding CXX object CMakeFiles/kinect_ros2_node.dir/src/kinect_ros2_node.cpp.o[0m
[100%] [32m[1mLinking CXX executable kinect_ros2_node[0m
[100%] Built target kinect_ros2_node
-- Install configuration: ""
-- Installing: /home/febryan/febryan_ws/install/kinect_ros2/lib/libkinect_ros2_component.so
-- Set non-toolchain portion of runtime path of "/home/febryan/febryan_ws/install/kinect_ros2/lib/libkinect_ros2_component.so" to ""
-- Installing: /home/febryan/febryan_ws/install/kinect_ros2/lib/kinect_ros2/kinect_ros2_node
-- Set non-toolchain portion of runtime path of "/home/febryan/febryan_ws/install/kinect_ros2/lib/kinect_ros2/kinect_ros2_node" to ""
-- Installing: /home/febryan/febryan_ws/install/kinect_ros2/share/kinect_ros2/cfg
-- Installing: /home/febryan/febryan_ws/install/kinect_ros2/share/kinect_ros2/cfg/calibration_depth.yaml
-- Installing: /home/febryan/febryan_ws/install/kinect_ros2/share/kinect_ros2/cfg/calibration_rgb.yaml
-- Installing: /home/febryan/febryan_ws/install/kinect_ros2/share/kinect_ros2/launch
-- Installing: /home/febryan/febryan_ws/install/kinect_ros2/share/kinect_ros2/launch/pointcloud.launch.py
-- Installing: /home/febryan/febryan_ws/install/kinect_ros2/share/kinect_ros2/launch/showimage.launch.py
-- Installing: /home/febryan/febryan_ws/install/kinect_ros2/share/kinect_ros2/rviz
-- Installing: /home/febryan/febryan_ws/install/kinect_ros2/share/kinect_ros2/rviz/pointcloud.rviz
-- Installing: /home/febryan/febryan_ws/install/kinect_ros2/share/ament_index/resource_index/package_run_dependencies/kinect_ros2
-- Installing: /home/febryan/febryan_ws/install/kinect_ros2/share/ament_index/resource_index/parent_prefix_path/kinect_ros2
-- Installing: /home/febryan/febryan_ws/install/kinect_ros2/share/kinect_ros2/environment/ament_prefix_path.sh
-- Installing: /home/febryan/febryan_ws/install/kinect_ros2/share/kinect_ros2/environment/ament_prefix_path.dsv
-- Installing: /home/febryan/febryan_ws/install/kinect_ros2/share/kinect_ros2/environment/path.sh
-- Installing: /home/febryan/febryan_ws/install/kinect_ros2/share/kinect_ros2/environment/path.dsv
-- Installing: /home/febryan/febryan_ws/install/kinect_ros2/share/kinect_ros2/local_setup.bash
-- Installing: /home/febryan/febryan_ws/install/kinect_ros2/share/kinect_ros2/local_setup.sh
-- Installing: /home/febryan/febryan_ws/install/kinect_ros2/share/kinect_ros2/local_setup.zsh
-- Installing: /home/febryan/febryan_ws/install/kinect_ros2/share/kinect_ros2/local_setup.dsv
-- Up-to-date: /home/febryan/febryan_ws/install/kinect_ros2/share/kinect_ros2/package.dsv
-- Installing: /home/febryan/febryan_ws/install/kinect_ros2/share/ament_index/resource_index/packages/kinect_ros2
-- Installing: /home/febryan/febryan_ws/install/kinect_ros2/share/ament_index/resource_index/rclcpp_components/kinect_ros2
-- Installing: /home/febryan/febryan_ws/install/kinect_ros2/share/kinect_ros2/cmake/kinect_ros2Config.cmake
-- Installing: /home/febryan/febryan_ws/install/kinect_ros2/share/kinect_ros2/cmake/kinect_ros2Config-version.cmake
-- Installing: /home/febryan/febryan_ws/install/kinect_ros2/share/kinect_ros2/package.xml
