[0.293s] DEBUG:colcon:Command line arguments: ['/usr/bin/colcon', 'build', '--packages-select', 'mapping']
[0.293s] DEBUG:colcon:Parsed command line arguments: Namespace(log_base=None, log_level=None, verb_name='build', build_base='build', install_base='install', merge_install=False, symlink_install=False, test_result_base=None, continue_on_error=False, executor='parallel', parallel_workers=12, event_handlers=None, ignore_user_meta=False, metas=['./colcon.meta'], base_paths=['.'], packages_ignore=None, packages_ignore_regex=None, paths=None, packages_up_to=None, packages_up_to_regex=None, packages_above=None, packages_above_and_dependencies=None, packages_above_depth=None, packages_select_by_dep=None, packages_skip_by_dep=None, packages_skip_up_to=None, packages_select_build_failed=False, packages_skip_build_finished=False, packages_select_test_failures=False, packages_skip_test_passed=False, packages_select=['mapping'], packages_skip=None, packages_select_regex=None, packages_skip_regex=None, packages_start=None, packages_end=None, allow_overriding=[], cmake_args=None, cmake_target=None, cmake_target_skip_unavailable=False, cmake_clean_cache=False, cmake_clean_first=False, cmake_force_configure=False, ament_cmake_args=None, catkin_cmake_args=None, catkin_skip_building_tests=False, mixin_files=None, mixin=None, verb_parser=<colcon_mixin.mixin.mixin_argument.MixinArgumentDecorator object at 0x79e94412cd70>, verb_extension=<colcon_core.verb.build.BuildVerb object at 0x79e94412c950>, main=<bound method BuildVerb.main of <colcon_core.verb.build.BuildVerb object at 0x79e94412c950>>, mixin_verb=('build',))
[0.379s] Level 1:colcon.colcon_core.package_discovery:discover_packages(colcon_meta) check parameters
[0.379s] Level 1:colcon.colcon_core.package_discovery:discover_packages(recursive) check parameters
[0.379s] Level 1:colcon.colcon_core.package_discovery:discover_packages(ignore) check parameters
[0.379s] Level 1:colcon.colcon_core.package_discovery:discover_packages(path) check parameters
[0.379s] Level 1:colcon.colcon_core.package_discovery:discover_packages(colcon_meta) discover
[0.379s] Level 1:colcon.colcon_core.package_discovery:discover_packages(recursive) discover
[0.379s] INFO:colcon.colcon_core.package_discovery:Crawling recursively for packages in '/home/febryan/agv_ros2_ws/src/mapping'
[0.379s] Level 1:colcon.colcon_core.package_identification:_identify(.) by extensions ['ignore', 'ignore_ament_install']
[0.380s] Level 1:colcon.colcon_core.package_identification:_identify(.) by extension 'ignore'
[0.380s] Level 1:colcon.colcon_core.package_identification:_identify(.) by extension 'ignore_ament_install'
[0.380s] Level 1:colcon.colcon_core.package_identification:_identify(.) by extensions ['colcon_pkg']
[0.380s] Level 1:colcon.colcon_core.package_identification:_identify(.) by extension 'colcon_pkg'
[0.380s] Level 1:colcon.colcon_core.package_identification:_identify(.) by extensions ['colcon_meta']
[0.380s] Level 1:colcon.colcon_core.package_identification:_identify(.) by extension 'colcon_meta'
[0.380s] Level 1:colcon.colcon_core.package_identification:_identify(.) by extensions ['ros']
[0.380s] Level 1:colcon.colcon_core.package_identification:_identify(.) by extension 'ros'
[0.429s] DEBUG:colcon.colcon_core.package_identification:Package '.' with type 'ros.ament_cmake' and name 'mapping'
[0.429s] Level 1:colcon.colcon_core.package_discovery:discover_packages(recursive) using defaults
[0.429s] Level 1:colcon.colcon_core.package_discovery:discover_packages(ignore) discover
[0.429s] Level 1:colcon.colcon_core.package_discovery:discover_packages(ignore) using defaults
[0.429s] Level 1:colcon.colcon_core.package_discovery:discover_packages(path) discover
[0.429s] Level 1:colcon.colcon_core.package_discovery:discover_packages(path) using defaults
[0.484s] Level 1:colcon.colcon_core.package_discovery:discover_packages(prefix_path) check parameters
[0.484s] Level 1:colcon.colcon_core.package_discovery:discover_packages(prefix_path) discover
[0.489s] DEBUG:colcon.colcon_installed_package_information.package_discovery:Found 411 installed packages in /opt/ros/jazzy
[0.490s] Level 1:colcon.colcon_core.package_discovery:discover_packages(prefix_path) using defaults
[0.596s] Level 5:colcon.colcon_core.verb:set package 'mapping' build argument 'cmake_args' from command line to 'None'
[0.596s] Level 5:colcon.colcon_core.verb:set package 'mapping' build argument 'cmake_target' from command line to 'None'
[0.596s] Level 5:colcon.colcon_core.verb:set package 'mapping' build argument 'cmake_target_skip_unavailable' from command line to 'False'
[0.596s] Level 5:colcon.colcon_core.verb:set package 'mapping' build argument 'cmake_clean_cache' from command line to 'False'
[0.596s] Level 5:colcon.colcon_core.verb:set package 'mapping' build argument 'cmake_clean_first' from command line to 'False'
[0.596s] Level 5:colcon.colcon_core.verb:set package 'mapping' build argument 'cmake_force_configure' from command line to 'False'
[0.596s] Level 5:colcon.colcon_core.verb:set package 'mapping' build argument 'ament_cmake_args' from command line to 'None'
[0.596s] Level 5:colcon.colcon_core.verb:set package 'mapping' build argument 'catkin_cmake_args' from command line to 'None'
[0.596s] Level 5:colcon.colcon_core.verb:set package 'mapping' build argument 'catkin_skip_building_tests' from command line to 'False'
[0.596s] DEBUG:colcon.colcon_core.verb:Building package 'mapping' with the following arguments: {'ament_cmake_args': None, 'build_base': '/home/febryan/agv_ros2_ws/src/mapping/build/mapping', 'catkin_cmake_args': None, 'catkin_skip_building_tests': False, 'cmake_args': None, 'cmake_clean_cache': False, 'cmake_clean_first': False, 'cmake_force_configure': False, 'cmake_target': None, 'cmake_target_skip_unavailable': False, 'install_base': '/home/febryan/agv_ros2_ws/src/mapping/install/mapping', 'merge_install': False, 'path': '/home/febryan/agv_ros2_ws/src/mapping', 'symlink_install': False, 'test_result_base': None}
[0.596s] INFO:colcon.colcon_core.executor:Executing jobs using 'parallel' executor
[0.598s] DEBUG:colcon.colcon_parallel_executor.executor.parallel:run_until_complete
[0.598s] INFO:colcon.colcon_ros.task.ament_cmake.build:Building ROS package in '/home/febryan/agv_ros2_ws/src/mapping' with build type 'ament_cmake'
[0.598s] INFO:colcon.colcon_cmake.task.cmake.build:Building CMake package in '/home/febryan/agv_ros2_ws/src/mapping'
[0.605s] INFO:colcon.colcon_core.plugin_system:Skipping extension 'colcon_core.shell.bat': Not used on non-Windows systems
[0.605s] INFO:colcon.colcon_core.shell:Skip shell extension 'powershell' for command environment: Not usable outside of PowerShell
[0.605s] DEBUG:colcon.colcon_core.shell:Skip shell extension 'dsv' for command environment
[0.627s] DEBUG:colcon.colcon_core.event_handler.log_command:Invoking command in '/home/febryan/agv_ros2_ws/src/mapping/build/mapping': CMAKE_PREFIX_PATH=${CMAKE_PREFIX_PATH}:/opt/ros/jazzy DEBUGINFOD_URLS=https://debuginfod.ubuntu.com /usr/bin/cmake /home/febryan/agv_ros2_ws/src/mapping -DCMAKE_INSTALL_PREFIX=/home/febryan/agv_ros2_ws/src/mapping/install/mapping
[19.670s] DEBUG:colcon.colcon_core.event_handler.log_command:Invoked command in '/home/febryan/agv_ros2_ws/src/mapping/build/mapping' returned '1': CMAKE_PREFIX_PATH=${CMAKE_PREFIX_PATH}:/opt/ros/jazzy DEBUGINFOD_URLS=https://debuginfod.ubuntu.com /usr/bin/cmake /home/febryan/agv_ros2_ws/src/mapping -DCMAKE_INSTALL_PREFIX=/home/febryan/agv_ros2_ws/src/mapping/install/mapping
[19.712s] Level 1:colcon.colcon_core.environment:create_environment_scripts_only(mapping)
[19.724s] Level 1:colcon.colcon_core.environment:checking '/home/febryan/agv_ros2_ws/src/mapping/install/mapping' for CMake module files
[19.725s] Level 1:colcon.colcon_core.environment:checking '/home/febryan/agv_ros2_ws/src/mapping/install/mapping' for CMake config files
[19.726s] Level 1:colcon.colcon_core.environment:checking '/home/febryan/agv_ros2_ws/src/mapping/install/mapping/bin'
[19.726s] Level 1:colcon.colcon_core.environment:checking '/home/febryan/agv_ros2_ws/src/mapping/install/mapping/lib/pkgconfig/mapping.pc'
[19.726s] Level 1:colcon.colcon_core.environment:checking '/home/febryan/agv_ros2_ws/src/mapping/install/mapping/lib/python3.12/site-packages'
[19.727s] Level 1:colcon.colcon_core.environment:checking '/home/febryan/agv_ros2_ws/src/mapping/install/mapping/bin'
[19.727s] INFO:colcon.colcon_core.shell:Creating package script '/home/febryan/agv_ros2_ws/src/mapping/install/mapping/share/mapping/package.ps1'
[19.729s] INFO:colcon.colcon_core.shell:Creating package descriptor '/home/febryan/agv_ros2_ws/src/mapping/install/mapping/share/mapping/package.dsv'
[19.729s] INFO:colcon.colcon_core.shell:Creating package script '/home/febryan/agv_ros2_ws/src/mapping/install/mapping/share/mapping/package.sh'
[19.730s] INFO:colcon.colcon_core.shell:Creating package script '/home/febryan/agv_ros2_ws/src/mapping/install/mapping/share/mapping/package.bash'
[19.731s] INFO:colcon.colcon_core.shell:Creating package script '/home/febryan/agv_ros2_ws/src/mapping/install/mapping/share/mapping/package.zsh'
[19.732s] Level 1:colcon.colcon_core.environment:create_file_with_runtime_dependencies(/home/febryan/agv_ros2_ws/src/mapping/install/mapping/share/colcon-core/packages/mapping)
[19.743s] DEBUG:colcon.colcon_parallel_executor.executor.parallel:closing loop
[19.743s] DEBUG:colcon.colcon_parallel_executor.executor.parallel:loop closed
[19.743s] DEBUG:colcon.colcon_parallel_executor.executor.parallel:run_until_complete finished with '1'
[19.744s] DEBUG:colcon.colcon_core.event_reactor:joining thread
[19.763s] INFO:colcon.colcon_core.plugin_system:Skipping extension 'colcon_notification.desktop_notification.terminal_notifier': Not used on non-Darwin systems
[19.763s] INFO:colcon.colcon_core.plugin_system:Skipping extension 'colcon_notification.desktop_notification.win32': Not used on non-Windows systems
[19.763s] INFO:colcon.colcon_notification.desktop_notification:Sending desktop notification using 'notify2'
[19.784s] DEBUG:colcon.colcon_core.event_reactor:joined thread
[19.784s] INFO:colcon.colcon_core.shell:Creating prefix script '/home/febryan/agv_ros2_ws/src/mapping/install/local_setup.ps1'
[19.785s] INFO:colcon.colcon_core.shell:Creating prefix util module '/home/febryan/agv_ros2_ws/src/mapping/install/_local_setup_util_ps1.py'
[19.787s] INFO:colcon.colcon_core.shell:Creating prefix chain script '/home/febryan/agv_ros2_ws/src/mapping/install/setup.ps1'
[19.788s] INFO:colcon.colcon_core.shell:Creating prefix script '/home/febryan/agv_ros2_ws/src/mapping/install/local_setup.sh'
[19.789s] INFO:colcon.colcon_core.shell:Creating prefix util module '/home/febryan/agv_ros2_ws/src/mapping/install/_local_setup_util_sh.py'
[19.790s] INFO:colcon.colcon_core.shell:Creating prefix chain script '/home/febryan/agv_ros2_ws/src/mapping/install/setup.sh'
[19.791s] INFO:colcon.colcon_core.shell:Creating prefix script '/home/febryan/agv_ros2_ws/src/mapping/install/local_setup.bash'
[19.791s] INFO:colcon.colcon_core.shell:Creating prefix chain script '/home/febryan/agv_ros2_ws/src/mapping/install/setup.bash'
[19.793s] INFO:colcon.colcon_core.shell:Creating prefix script '/home/febryan/agv_ros2_ws/src/mapping/install/local_setup.zsh'
[19.793s] INFO:colcon.colcon_core.shell:Creating prefix chain script '/home/febryan/agv_ros2_ws/src/mapping/install/setup.zsh'
